---
source: crates/rolldown/tests/common/case.rs
expression: content
input_file: crates/rolldown/tests/fixtures/code_splitting/basic
---
# Assets

## dynamic_js.mjs

```js
// dynamic.js
console.log('dynamic');
```
## main1.mjs

```js
import "./share_js.mjs";

// main1.js
import('./dynamic_js.mjs');
```
## main2.mjs

```js
import "./share_js.mjs";
```
## share_js.mjs

```js
// share.js
console.log('shared');
```

## Output Stats

- dynamic_js.mjs, is_entry false, is_dynamic_entry true, exports []
- main1.mjs, is_entry true, is_dynamic_entry false, exports []
- main2.mjs, is_entry true, is_dynamic_entry false, exports []
- share_js.mjs, is_entry false, is_dynamic_entry false, exports []
